Command line invocation:
    /Applications/Xcode.app/Contents/Developer/usr/bin/xcodebuild build -project /Users/apple/Developer/TranStudy/TranStudy.xcodeproj -scheme TranStudy -destination id=00006030-0014385A1E83001C -resultBundlePath /Users/apple/Developer/TranStudy/.nvim/xcodebuild/build.xcresult -parallelizeTargets

2026-07-29 11:57:12.983 xcodebuild[83882:27590166]  DVTDeviceOperation: Encountered a build number "" that is incompatible with DVTBuildVersion.
2026-07-29 11:57:13.034 xcodebuild[83882:27590145] [MT] DVTDeviceOperation: Encountered a build number "" that is incompatible with DVTBuildVersion.
Writing result bundle at path:
	/Users/apple/Developer/TranStudy/.nvim/xcodebuild/build.xcresult

--- xcodebuild: WARNING: Using the first of multiple matching destinations:
{ platform:macOS, arch:arm64, id:00006030-0014385A1E83001C, name:My Mac }
{ platform:macOS, arch:x86_64, id:00006030-0014385A1E83001C, name:My Mac }
ComputePackagePrebuildTargetDependencyGraph

Prepare packages

CreateBuildRequest

SendProjectDescription

CreateBuildOperation

ComputeTargetDependencyGraph
note: Building targets in dependency order
note: Target dependency graph (1 target)
    Target 'TranStudy' in project 'TranStudy' (no dependencies)

GatherProvisioningInputs

CreateBuildDescription

ExecuteExternalTool /Applications/Xcode.app/Contents/Developer/Toolchains/XcodeDefault.xctoolchain/usr/bin/clang -v -E -dM -isysroot /Applications/Xcode.app/Contents/Developer/Platforms/MacOSX.platform/Developer/SDKs/MacOSX26.5.sdk -x c -c /dev/null

ExecuteExternalTool /Applications/Xcode.app/Contents/Developer/Toolchains/XcodeDefault.xctoolchain/usr/bin/swiftc --version

ExecuteExternalTool /Applications/Xcode.app/Contents/Developer/Toolchains/XcodeDefault.xctoolchain/usr/bin/ld -version_details

Build description signature: 37cbbb8055865f3085600069e62136e8
Build description path: /Users/apple/Library/Developer/Xcode/DerivedData/TranStudy-dofojekapuedzzfbfkysvzfpevxa/Build/Intermediates.noindex/XCBuildData/37cbbb8055865f3085600069e62136e8.xcbuilddata
note: Disabling hardened runtime with ad-hoc codesigning. (in target 'TranStudy' from project 'TranStudy')
Ld /Users/apple/Library/Developer/Xcode/DerivedData/TranStudy-dofojekapuedzzfbfkysvzfpevxa/Build/Products/Debug/TranStudy.app/Contents/MacOS/__preview.dylib normal (in target 'TranStudy' from project 'TranStudy')
    cd /Users/apple/Developer/TranStudy
    /Applications/Xcode.app/Contents/Developer/Toolchains/XcodeDefault.xctoolchain/usr/bin/clang -Xlinker -reproducible -target arm64-apple-macos14.0 -dynamiclib -isysroot /Applications/Xcode.app/Contents/Developer/Platforms/MacOSX.platform/Developer/SDKs/MacOSX26.5.sdk -O0 -L/Users/apple/Library/Developer/Xcode/DerivedData/TranStudy-dofojekapuedzzfbfkysvzfpevxa/Build/Products/Debug -F/Users/apple/Library/Developer/Xcode/DerivedData/TranStudy-dofojekapuedzzfbfkysvzfpevxa/Build/Products/Debug -install_name @rpath/TranStudy.debug.dylib -rdynamic -Xlinker -no_deduplicate -Xlinker -dependency_info -Xlinker /Users/apple/Library/Developer/Xcode/DerivedData/TranStudy-dofojekapuedzzfbfkysvzfpevxa/Build/Intermediates.noindex/TranStudy.build/Debug/TranStudy.build/Objects-normal/arm64/TranStudy_dependency_info.dat -Xlinker -no_adhoc_codesign -o /Users/apple/Library/Developer/Xcode/DerivedData/TranStudy-dofojekapuedzzfbfkysvzfpevxa/Build/Products/Debug/TranStudy.app/Contents/MacOS/__preview.dylib

ClangStatCache /Applications/Xcode.app/Contents/Developer/Toolchains/XcodeDefault.xctoolchain/usr/bin/clang-stat-cache /Applications/Xcode.app/Contents/Developer/Platforms/MacOSX.platform/Developer/SDKs/MacOSX26.5.sdk /Users/apple/Library/Developer/Xcode/DerivedData/SDKStatCaches.noindex/macosx26.5-25F70-e082c4a02f00227109f4ed75e425c832.sdkstatcache
    cd /Users/apple/Developer/TranStudy/TranStudy.xcodeproj
    /Applications/Xcode.app/Contents/Developer/Toolchains/XcodeDefault.xctoolchain/usr/bin/clang-stat-cache /Applications/Xcode.app/Contents/Developer/Platforms/MacOSX.platform/Developer/SDKs/MacOSX26.5.sdk -o /Users/apple/Library/Developer/Xcode/DerivedData/SDKStatCaches.noindex/macosx26.5-25F70-e082c4a02f00227109f4ed75e425c832.sdkstatcache

ProcessInfoPlistFile /Users/apple/Library/Developer/Xcode/DerivedData/TranStudy-dofojekapuedzzfbfkysvzfpevxa/Build/Products/Debug/TranStudy.app/Contents/Info.plist /Users/apple/Library/Developer/Xcode/DerivedData/TranStudy-dofojekapuedzzfbfkysvzfpevxa/Build/Intermediates.noindex/TranStudy.build/Debug/TranStudy.build/empty-TranStudy.plist (in target 'TranStudy' from project 'TranStudy')
    cd /Users/apple/Developer/TranStudy
    builtin-infoPlistUtility /Users/apple/Library/Developer/Xcode/DerivedData/TranStudy-dofojekapuedzzfbfkysvzfpevxa/Build/Intermediates.noindex/TranStudy.build/Debug/TranStudy.build/empty-TranStudy.plist -producttype com.apple.product-type.application -genpkginfo /Users/apple/Library/Developer/Xcode/DerivedData/TranStudy-dofojekapuedzzfbfkysvzfpevxa/Build/Products/Debug/TranStudy.app/Contents/PkgInfo -expandbuildsettings -platform macosx -o /Users/apple/Library/Developer/Xcode/DerivedData/TranStudy-dofojekapuedzzfbfkysvzfpevxa/Build/Products/Debug/TranStudy.app/Contents/Info.plist

Ld /Users/apple/Library/Developer/Xcode/DerivedData/TranStudy-dofojekapuedzzfbfkysvzfpevxa/Build/Products/Debug/TranStudy.app/Contents/MacOS/TranStudy.debug.dylib normal (in target 'TranStudy' from project 'TranStudy')
    cd /Users/apple/Developer/TranStudy
    /Applications/Xcode.app/Contents/Developer/Toolchains/XcodeDefault.xctoolchain/usr/bin/clang -Xlinker -reproducible -target arm64-apple-macos14.0 -dynamiclib -isysroot /Applications/Xcode.app/Contents/Developer/Platforms/MacOSX.platform/Developer/SDKs/MacOSX26.5.sdk -O0 -L/Users/apple/Library/Developer/Xcode/DerivedData/TranStudy-dofojekapuedzzfbfkysvzfpevxa/Build/Intermediates.noindex/EagerLinkingTBDs/Debug -L/Users/apple/Library/Developer/Xcode/DerivedData/TranStudy-dofojekapuedzzfbfkysvzfpevxa/Build/Products/Debug -F/Users/apple/Library/Developer/Xcode/DerivedData/TranStudy-dofojekapuedzzfbfkysvzfpevxa/Build/Intermediates.noindex/EagerLinkingTBDs/Debug -F/Users/apple/Library/Developer/Xcode/DerivedData/TranStudy-dofojekapuedzzfbfkysvzfpevxa/Build/Products/Debug -filelist /Users/apple/Library/Developer/Xcode/DerivedData/TranStudy-dofojekapuedzzfbfkysvzfpevxa/Build/Intermediates.noindex/TranStudy.build/Debug/TranStudy.build/Objects-normal/arm64/TranStudy.LinkFileList -install_name @rpath/TranStudy.debug.dylib -Xlinker -rpath -Xlinker /usr/lib/swift -Xlinker -rpath -Xlinker @executable_path/../Frameworks -Xlinker -object_path_lto -Xlinker /Users/apple/Library/Developer/Xcode/DerivedData/TranStudy-dofojekapuedzzfbfkysvzfpevxa/Build/Intermediates.noindex/TranStudy.build/Debug/TranStudy.build/Objects-normal/arm64/TranStudy_lto.o -rdynamic -Xlinker -no_deduplicate -Xlinker -dependency_info -Xlinker /Users/apple/Library/Developer/Xcode/DerivedData/TranStudy-dofojekapuedzzfbfkysvzfpevxa/Build/Intermediates.noindex/TranStudy.build/Debug/TranStudy.build/Objects-normal/arm64/TranStudy_dependency_info.dat -fobjc-link-runtime -L/Applications/Xcode.app/Contents/Developer/Toolchains/XcodeDefault.xctoolchain/usr/lib/swift/macosx -L/usr/lib/swift -Xlinker -add_ast_path -Xlinker /Users/apple/Library/Developer/Xcode/DerivedData/TranStudy-dofojekapuedzzfbfkysvzfpevxa/Build/Intermediates.noindex/TranStudy.build/Debug/TranStudy.build/Objects-normal/arm64/TranStudy.swiftmodule @/Users/apple/Library/Developer/Xcode/DerivedData/TranStudy-dofojekapuedzzfbfkysvzfpevxa/Build/Intermediates.noindex/TranStudy.build/Debug/TranStudy.build/Objects-normal/arm64/TranStudy-linker-args.resp -Xlinker -alias -Xlinker _main -Xlinker ___debug_main_executable_dylib_entry_point -Xlinker -no_adhoc_codesign -o /Users/apple/Library/Developer/Xcode/DerivedData/TranStudy-dofojekapuedzzfbfkysvzfpevxa/Build/Products/Debug/TranStudy.app/Contents/MacOS/TranStudy.debug.dylib

ConstructStubExecutorLinkFileList /Users/apple/Library/Developer/Xcode/DerivedData/TranStudy-dofojekapuedzzfbfkysvzfpevxa/Build/Intermediates.noindex/TranStudy.build/Debug/TranStudy.build/TranStudy-ExecutorLinkFileList-normal-arm64.txt (in target 'TranStudy' from project 'TranStudy')
    cd /Users/apple/Developer/TranStudy
    construct-stub-executor-link-file-list /Users/apple/Library/Developer/Xcode/DerivedData/TranStudy-dofojekapuedzzfbfkysvzfpevxa/Build/Products/Debug/TranStudy.app/Contents/MacOS/TranStudy.debug.dylib /Applications/Xcode.app/Contents/Developer/Platforms/MacOSX.platform/Developer/usr/lib/libPreviewsJITStubExecutor_no_swift_entry_point.a /Applications/Xcode.app/Contents/Developer/Platforms/MacOSX.platform/Developer/usr/lib/libPreviewsJITStubExecutor.a --output /Users/apple/Library/Developer/Xcode/DerivedData/TranStudy-dofojekapuedzzfbfkysvzfpevxa/Build/Intermediates.noindex/TranStudy.build/Debug/TranStudy.build/TranStudy-ExecutorLinkFileList-normal-arm64.txt
note: Using stub executor library with Swift entry point. (in target 'TranStudy' from project 'TranStudy')

Ld /Users/apple/Library/Developer/Xcode/DerivedData/TranStudy-dofojekapuedzzfbfkysvzfpevxa/Build/Products/Debug/TranStudy.app/Contents/MacOS/TranStudy normal (in target 'TranStudy' from project 'TranStudy')
    cd /Users/apple/Developer/TranStudy
    /Applications/Xcode.app/Contents/Developer/Toolchains/XcodeDefault.xctoolchain/usr/bin/clang -Xlinker -reproducible -target arm64-apple-macos14.0 -isysroot /Applications/Xcode.app/Contents/Developer/Platforms/MacOSX.platform/Developer/SDKs/MacOSX26.5.sdk -O0 -L/Users/apple/Library/Developer/Xcode/DerivedData/TranStudy-dofojekapuedzzfbfkysvzfpevxa/Build/Products/Debug -F/Users/apple/Library/Developer/Xcode/DerivedData/TranStudy-dofojekapuedzzfbfkysvzfpevxa/Build/Products/Debug -Xlinker -rpath -Xlinker @executable_path -Xlinker -rpath -Xlinker @executable_path/../Frameworks -rdynamic -Xlinker -no_deduplicate -e ___debug_blank_executor_main -Xlinker -sectcreate -Xlinker __TEXT -Xlinker __debug_dylib -Xlinker /Users/apple/Library/Developer/Xcode/DerivedData/TranStudy-dofojekapuedzzfbfkysvzfpevxa/Build/Intermediates.noindex/TranStudy.build/Debug/TranStudy.build/TranStudy-DebugDylibPath-normal-arm64.txt -Xlinker -sectcreate -Xlinker __TEXT -Xlinker __debug_instlnm -Xlinker /Users/apple/Library/Developer/Xcode/DerivedData/TranStudy-dofojekapuedzzfbfkysvzfpevxa/Build/Intermediates.noindex/TranStudy.build/Debug/TranStudy.build/TranStudy-DebugDylibInstallName-normal-arm64.txt -Xlinker -filelist -Xlinker /Users/apple/Library/Developer/Xcode/DerivedData/TranStudy-dofojekapuedzzfbfkysvzfpevxa/Build/Intermediates.noindex/TranStudy.build/Debug/TranStudy.build/TranStudy-ExecutorLinkFileList-normal-arm64.txt /Users/apple/Library/Developer/Xcode/DerivedData/TranStudy-dofojekapuedzzfbfkysvzfpevxa/Build/Products/Debug/TranStudy.app/Contents/MacOS/TranStudy.debug.dylib -Xlinker -no_adhoc_codesign -o /Users/apple/Library/Developer/Xcode/DerivedData/TranStudy-dofojekapuedzzfbfkysvzfpevxa/Build/Products/Debug/TranStudy.app/Contents/MacOS/TranStudy

CopySwiftLibs /Users/apple/Library/Developer/Xcode/DerivedData/TranStudy-dofojekapuedzzfbfkysvzfpevxa/Build/Products/Debug/TranStudy.app (in target 'TranStudy' from project 'TranStudy')
    cd /Users/apple/Developer/TranStudy
    builtin-swiftStdLibTool --copy --verbose --sign - --scan-executable /Users/apple/Library/Developer/Xcode/DerivedData/TranStudy-dofojekapuedzzfbfkysvzfpevxa/Build/Products/Debug/TranStudy.app/Contents/MacOS/TranStudy.debug.dylib --scan-folder /Users/apple/Library/Developer/Xcode/DerivedData/TranStudy-dofojekapuedzzfbfkysvzfpevxa/Build/Products/Debug/TranStudy.app/Contents/Frameworks --scan-folder /Users/apple/Library/Developer/Xcode/DerivedData/TranStudy-dofojekapuedzzfbfkysvzfpevxa/Build/Products/Debug/TranStudy.app/Contents/PlugIns --scan-folder /Users/apple/Library/Developer/Xcode/DerivedData/TranStudy-dofojekapuedzzfbfkysvzfpevxa/Build/Products/Debug/TranStudy.app/Contents/Library/SystemExtensions --scan-folder /Users/apple/Library/Developer/Xcode/DerivedData/TranStudy-dofojekapuedzzfbfkysvzfpevxa/Build/Products/Debug/TranStudy.app/Contents/Extensions --platform macosx --toolchain /Applications/Xcode.app/Contents/Developer/Toolchains/XcodeDefault.xctoolchain --destination /Users/apple/Library/Developer/Xcode/DerivedData/TranStudy-dofojekapuedzzfbfkysvzfpevxa/Build/Products/Debug/TranStudy.app/Contents/Frameworks --strip-bitcode --strip-bitcode-tool /Applications/Xcode.app/Contents/Developer/Toolchains/XcodeDefault.xctoolchain/usr/bin/bitcode_strip --emit-dependency-info /Users/apple/Library/Developer/Xcode/DerivedData/TranStudy-dofojekapuedzzfbfkysvzfpevxa/Build/Intermediates.noindex/TranStudy.build/Debug/TranStudy.build/SwiftStdLibToolInputDependencies.dep --filter-for-swift-os --back-deploy-swift-span

ExtractAppIntentsMetadata (in target 'TranStudy' from project 'TranStudy')
    cd /Users/apple/Developer/TranStudy
    /Applications/Xcode.app/Contents/Developer/Toolchains/XcodeDefault.xctoolchain/usr/bin/appintentsmetadataprocessor --toolchain-dir /Applications/Xcode.app/Contents/Developer/Toolchains/XcodeDefault.xctoolchain --module-name TranStudy --sdk-root /Applications/Xcode.app/Contents/Developer/Platforms/MacOSX.platform/Developer/SDKs/MacOSX26.5.sdk --xcode-version 17F113 --platform-family macOS --deployment-target 14.0 --bundle-identifier com.cynicalight.TranStudy --output /Users/apple/Library/Developer/Xcode/DerivedData/TranStudy-dofojekapuedzzfbfkysvzfpevxa/Build/Products/Debug/TranStudy.app/Contents/Resources --target-triple arm64-apple-macos14.0 --binary-file /Users/apple/Library/Developer/Xcode/DerivedData/TranStudy-dofojekapuedzzfbfkysvzfpevxa/Build/Products/Debug/TranStudy.app/Contents/MacOS/TranStudy --dependency-file /Users/apple/Library/Developer/Xcode/DerivedData/TranStudy-dofojekapuedzzfbfkysvzfpevxa/Build/Intermediates.noindex/TranStudy.build/Debug/TranStudy.build/Objects-normal/arm64/TranStudy_dependency_info.dat --stringsdata-file /Users/apple/Library/Developer/Xcode/DerivedData/TranStudy-dofojekapuedzzfbfkysvzfpevxa/Build/Intermediates.noindex/TranStudy.build/Debug/TranStudy.build/Objects-normal/arm64/ExtractedAppShortcutsMetadata.stringsdata --source-file-list /Users/apple/Library/Developer/Xcode/DerivedData/TranStudy-dofojekapuedzzfbfkysvzfpevxa/Build/Intermediates.noindex/TranStudy.build/Debug/TranStudy.build/Objects-normal/arm64/TranStudy.SwiftFileList --metadata-file-list /Users/apple/Library/Developer/Xcode/DerivedData/TranStudy-dofojekapuedzzfbfkysvzfpevxa/Build/Intermediates.noindex/TranStudy.build/Debug/TranStudy.build/TranStudy.DependencyMetadataFileList --static-metadata-file-list /Users/apple/Library/Developer/Xcode/DerivedData/TranStudy-dofojekapuedzzfbfkysvzfpevxa/Build/Intermediates.noindex/TranStudy.build/Debug/TranStudy.build/TranStudy.DependencyStaticMetadataFileList --swift-const-vals-list /Users/apple/Library/Developer/Xcode/DerivedData/TranStudy-dofojekapuedzzfbfkysvzfpevxa/Build/Intermediates.noindex/TranStudy.build/Debug/TranStudy.build/Objects-normal/arm64/TranStudy.SwiftConstValuesFileList --compile-time-extraction --deployment-aware-processing --validate-assistant-intents --no-app-shortcuts-localization
2026-07-29 11:57:14.273 appintentsmetadataprocessor[83980:27590568] Starting appintentsmetadataprocessor export
2026-07-29 11:57:14.277 appintentsmetadataprocessor[83980:27590568] warning: Metadata extraction skipped. No AppIntents.framework dependency found.

CodeSign /Users/apple/Library/Developer/Xcode/DerivedData/TranStudy-dofojekapuedzzfbfkysvzfpevxa/Build/Products/Debug/TranStudy.app/Contents/MacOS/TranStudy.debug.dylib (in target 'TranStudy' from project 'TranStudy')
    cd /Users/apple/Developer/TranStudy
    
    Signing Identity:     "Sign to Run Locally"
    
    /usr/bin/codesign --force --sign - --timestamp\=none --generate-entitlement-der /Users/apple/Library/Developer/Xcode/DerivedData/TranStudy-dofojekapuedzzfbfkysvzfpevxa/Build/Products/Debug/TranStudy.app/Contents/MacOS/TranStudy.debug.dylib

CodeSign /Users/apple/Library/Developer/Xcode/DerivedData/TranStudy-dofojekapuedzzfbfkysvzfpevxa/Build/Products/Debug/TranStudy.app/Contents/MacOS/__preview.dylib (in target 'TranStudy' from project 'TranStudy')
    cd /Users/apple/Developer/TranStudy
    
    Signing Identity:     "Sign to Run Locally"
    
    /usr/bin/codesign --force --sign - --timestamp\=none --generate-entitlement-der /Users/apple/Library/Developer/Xcode/DerivedData/TranStudy-dofojekapuedzzfbfkysvzfpevxa/Build/Products/Debug/TranStudy.app/Contents/MacOS/__preview.dylib

CodeSign /Users/apple/Library/Developer/Xcode/DerivedData/TranStudy-dofojekapuedzzfbfkysvzfpevxa/Build/Products/Debug/TranStudy.app (in target 'TranStudy' from project 'TranStudy')
    cd /Users/apple/Developer/TranStudy
    
    Signing Identity:     "Sign to Run Locally"
    
    /usr/bin/codesign --force --sign - --entitlements /Users/apple/Library/Developer/Xcode/DerivedData/TranStudy-dofojekapuedzzfbfkysvzfpevxa/Build/Intermediates.noindex/TranStudy.build/Debug/TranStudy.build/TranStudy.app.xcent --timestamp\=none --generate-entitlement-der /Users/apple/Library/Developer/Xcode/DerivedData/TranStudy-dofojekapuedzzfbfkysvzfpevxa/Build/Products/Debug/TranStudy.app

Validate /Users/apple/Library/Developer/Xcode/DerivedData/TranStudy-dofojekapuedzzfbfkysvzfpevxa/Build/Products/Debug/TranStudy.app (in target 'TranStudy' from project 'TranStudy')
    cd /Users/apple/Developer/TranStudy
    builtin-validationUtility /Users/apple/Library/Developer/Xcode/DerivedData/TranStudy-dofojekapuedzzfbfkysvzfpevxa/Build/Products/Debug/TranStudy.app -no-validate-extension -infoplist-subpath Contents/Info.plist

RegisterWithLaunchServices /Users/apple/Library/Developer/Xcode/DerivedData/TranStudy-dofojekapuedzzfbfkysvzfpevxa/Build/Products/Debug/TranStudy.app (in target 'TranStudy' from project 'TranStudy')
    cd /Users/apple/Developer/TranStudy
    /System/Library/Frameworks/CoreServices.framework/Versions/Current/Frameworks/LaunchServices.framework/Versions/Current/Support/lsregister -f -R -trusted /Users/apple/Library/Developer/Xcode/DerivedData/TranStudy-dofojekapuedzzfbfkysvzfpevxa/Build/Products/Debug/TranStudy.app


Result bundle written to path:
	/Users/apple/Developer/TranStudy/.nvim/xcodebuild/build.xcresult

** BUILD SUCCEEDED **


